[loja.wella.com.br/checkout/index.html]
[backblue.gif]
[fade.gif]
[index.html]
[io2.vtex.com/front-libs/bootstrap/2.3.2/css/bootstrap.min.css]
[io2.vtex.com/front-libs/bootstrap/2.3.2/css/bootstrap-responsive.min.css]
[io2.vtex.com/front-libs/onda/1.0.0/onda.min.css]
[io2.vtex.com/front-libs/font-awesome/3.2.1/css/font-awesome.min.css]
[io2.vtex.com/checkout-ui/v6.127.0/lib/front-messages-ui/vtex-message.min.css]
[io2.vtex.com/checkout-ui/v6.127.0/style/style.css]
[loja.wella.com.br/files/checkout6-custom5ffd.css]
[io2.vtex.com/v3/polyfill.min912e.js]
[vtex.vtexassets.com/_v/public/assets/v1/npm/@vtex/render-extension-loader@0.2.2/lib/render-extension-loader.min.js]
[io2.vtex.com/front-libs/bootstrap/2.3.2/js/bootstrap.min.js]
[io2.vtex.com/checkout-ui/v6.127.0/script/init.js]
[io2.vtex.com/front-libs/jquery/1.8.3/jquery-1.8.3.min0698.js]
[vtex.vtexassets.com/_v/public/assets/v1/npm/@vtex/diagnostics-web@0.3.1/dist/vtex-diagnostics-web.umd.min.js]
[io.vtex.com.br/rc/rc.js]
[activity-flow.vtex.com/af/af.js]
[io2.vtex.com/checkout-ui/v6.127.0/script/metrics.min.js]
[io2.vtex.com/portal-ui/v1.21.0/scripts/vtex-analytics.js]
[io2.vtex.com/portal-ui/v1.21.0/scripts/vtex-events-all.min.js]
[loja.wella.com.br/checkout/index.html]
[www.googletagmanager.com/gtm5445.html]
[wella.vteximg.com.br/arquivos/wella-apple-touch-icon.json]
[io2.vtex.com/front-libs/bootstrap/2.3.2/img/glyphicons-halflings.png]
[io2.vtex.com/front-libs/bootstrap/2.3.2/img/glyphicons-halflings-white.png]
[io2.vtex.com/front-libs/bootstrap/2.3.2/css/bootstrap.min.css]
[io2.vtex.com/front-libs/bootstrap/2.3.2/css/bootstrap-responsive.min.css]
[io2.vtex.com/front-libs/onda/1.0.0/onda.min.css]
[io2.vtex.com/front-libs/font-awesome/3.2.1/css/font-awesome.min.css]
[io2.vtex.com/checkout-ui/v6.127.0/lib/front-messages-ui/vtex-message.min.css]
[io2.vtex.com/checkout-ui/v6.127.0/img/ico-ready.png]
[io2.vtex.com/checkout-ui/v6.127.0/img/lock.png]
[io2.vtex.com/checkout-ui/v6.127.0/img/loader-inline.gif]
[io2.vtex.com/checkout-ui/v6.127.0/img/default-sku-image.jpg]
[io2.vtex.com/checkout-ui/v6.127.0/img/ico-credit2.png]
[io2.vtex.com/checkout-ui/v6.127.0/img/ico-boleto.png]
[io2.vtex.com/checkout-ui/v6.127.0/img/ico-debit2.png]
[loja.wella.com.br/files/checkout6-custom2cee.js]
[io2.vtex.com/checkout-ui/v6.127.0/img/ico-alelo.png]
[io2.vtex.com/checkout-ui/v6.127.0/img/ico-debit-caixa-elo.png]
[io2.vtex.com/checkout-ui/v6.127.0/img/ico-paypal.png]
[io2.vtex.com/checkout-ui/v6.127.0/img/ico-pdigital.png]
[io2.vtex.com/checkout-ui/v6.127.0/img/ico-evolucard.png]
[io2.vtex.com/checkout-ui/v6.127.0/img/mercado-pago-pro/mercado-pago-icon.png]
[io2.vtex.com/checkout-ui/v6.127.0/img/ico-bcash.png]
[io2.vtex.com/checkout-ui/v6.127.0/img/ico-pagseguro.png]
[io2.vtex.com/checkout-ui/v6.127.0/img/ico-alignet.png]
[io2.vtex.com/checkout-ui/v6.127.0/script/ko-templates.min.js]
[io2.vtex.com/checkout-ui/v6.127.0/img/ico-peela.png]
[io2.vtex.com/checkout-ui/v6.127.0/img/ico-safetypay.png]
[io2.vtex.com/checkout-ui/v6.127.0/img/ico-lottery.png]
[io2.vtex.com/checkout-ui/v6.127.0/img/ico-koin.png]
[io2.vtex.com/checkout-ui/v6.127.0/img/ico-stelo.png]
[io2.vtex.com/checkout-ui/v6.127.0/img/ico-adyen.png]
[io2.vtex.com/checkout-ui/v6.127.0/img/ico-todopago.png]
[io2.vtex.com/checkout-ui/v6.127.0/img/ico-paymee.png]
[io2.vtex.com/checkout-ui/v6.127.0/img/ico-picpay.png]
[io2.vtex.com/checkout-ui/v6.127.0/img/ico-futpag.png]
[io2.vtex.com/checkout-ui/v6.127.0/img/ico-ame.png]
[io2.vtex.com/checkout-ui/v6.127.0/img/ico-spinpay.png]
[io2.vtex.com/checkout-ui/v6.127.0/img/ico-virtuspay.png]
[io2.vtex.com/checkout-ui/v6.127.0/img/ico-livelo.png]
[io2.vtex.com/checkout-ui/v6.127.0/img/ico-ibuy.png]
[io2.vtex.com/checkout-ui/v6.127.0/img/ico-pincash.png]
[io2.vtex.com/checkout-ui/v6.127.0/img/ico-levpay.png]
[io2.vtex.com/checkout-ui/v6.127.0/img/ico-losango.png]
[io2.vtex.com/checkout-ui/v6.127.0/img/ico-redepay.png]
[io2.vtex.com/checkout-ui/v6.127.0/img/payment-samsungpay-icons.png]
[io2.vtex.com/checkout-ui/v6.127.0/img/ico-boletoflex.png]
[io2.vtex.com/checkout-ui/v6.127.0/img/flex/icon-flex.png]
[io2.vtex.com/checkout-ui/v6.127.0/img/payment-itau-logo.png]
[io2.vtex.com/checkout-ui/v6.127.0/img/ico-paylands.png]
[io2.vtex.com/checkout-ui/v6.127.0/img/payment-undostres.png]
[io2.vtex.com/checkout-ui/v6.127.0/img/payment-netpay-ico.png]
[io2.vtex.com/checkout-ui/v6.127.0/img/payment-apple-pay-logo.png]
[io2.vtex.com/checkout-ui/v6.127.0/img/BoletoParceladoKoin/boleto-parcelado-koin-logo.png]
[io2.vtex.com/checkout-ui/v6.127.0/img/payment-bompracredito-icon.png]
[io2.vtex.com/checkout-ui/v6.127.0/img/payment-switch-icon.png]
[io2.vtex.com/checkout-ui/v6.127.0/img/payment-ico-zaincash.png]
[io2.vtex.com/checkout-ui/v6.127.0/img/nequi/payment-nequi-icon.png]
[io2.vtex.com/checkout-ui/v6.127.0/img/drip/payment-drip-logo.png]
[io2.vtex.com/checkout-ui/v6.127.0/img/payment-provu-icon.png]
[io2.vtex.com/checkout-ui/v6.127.0/img/payment-corresponsales-icon.png]
[io2.vtex.com/checkout-ui/v6.127.0/img/payment-dimo-minilogo.png]
[io2.vtex.com/checkout-ui/v6.127.0/img/deuna-now/credit-card-logos.png]
[io2.vtex.com/checkout-ui/v6.127.0/img/payment-worldline-symbol.png]
[io2.vtex.com/checkout-ui/v6.127.0/img/99pay/payment-99pay-logo.png]
[io2.vtex.com/checkout-ui/v6.127.0/img/servicredito/payment-servicredito.png]
[io2.vtex.com/checkout-ui/v6.127.0/img/woovi/woovi-icon.png]
[io2.vtex.com/checkout-ui/v6.127.0/img/yuno-card/payment-card-logosimbolo.png]
[io2.vtex.com/checkout-ui/v6.127.0/img/yuno-bank-transfer/transfer-logo.png]
[io2.vtex.com/checkout-ui/v6.127.0/img/yuno-buy-now-pay-later/logo.png]
[io2.vtex.com/checkout-ui/v6.127.0/img/yuno-wallet/logo.png]
[io2.vtex.com/checkout-ui/v6.127.0/img/yuno-payment-link/logo.png]
[io2.vtex.com/checkout-ui/v6.127.0/img/yuno-ticket/logo.png]
[io2.vtex.com/checkout-ui/v6.127.0/img/modo/modo.png]
[io2.vtex.com/checkout-ui/v6.127.0/img/didipay/didipay-logo.png]
[io2.vtex.com/checkout-ui/v6.127.0/img/kushki/kushki-ico.png]
[io2.vtex.com/checkout-ui/v6.127.0/img/powerpay/Icon-powerpay.png]
[io2.vtex.com/checkout-ui/v6.127.0/img/pago-efectivo/payment-pago-efectivo-logo.png]
[io2.vtex.com/checkout-ui/v6.127.0/img/cuotealo/payment-cuotealo-icon.png]
[io2.vtex.com/checkout-ui/v6.127.0/img/directo/payment-directo-ico.png]
[io2.vtex.com/checkout-ui/v6.127.0/img/yape/payment-image.png]
[io2.vtex.com/checkout-ui/v6.127.0/img/payment-paypal-bcdc-logo.png]
[io2.vtex.com/checkout-ui/v6.127.0/img/payment-fgts-logo.png]
[io2.vtex.com/checkout-ui/v6.127.0/img/spin-by-oxxo/spin-by-oxxo.jpg]
[io2.vtex.com/checkout-ui/v6.127.0/img/ico-fidelidade-bradesco.png]
[io2.vtex.com/checkout-ui/v6.127.0/img/card-cvv.png]
[io2.vtex.com/checkout-ui/v6.127.0/img/card-flags.png]
[io2.vtex.com/checkout-ui/v6.127.0/img/sprite-debit-banks.png]
[io2.vtex.com/checkout-ui/v6.127.0/img/payment-paypal-title.png]
[io2.vtex.com/checkout-ui/v6.127.0/img/payment-paypal-title-short.png]
[io2.vtex.com/checkout-ui/v6.127.0/img/payment-paypal-landscape.png]
[io2.vtex.com/checkout-ui/v6.127.0/img/payment-paypal-title-short-mex.png]
[io2.vtex.com/checkout-ui/v6.127.0/img/payment-safetypay-title.png]
[io2.vtex.com/checkout-ui/v6.127.0/img/payment-safetypay-banks.png]
[io2.vtex.com/checkout-ui/v6.127.0/img/payment-safetypay-icons.png]
[io2.vtex.com/checkout-ui/v6.127.0/img/payment-safetypay-mex-banks.png]
[io2.vtex.com/checkout-ui/v6.127.0/img/payment-safetypay-chl-banks.png]
[io2.vtex.com/checkout-ui/v6.127.0/img/payment-safetypay-col-banks.png]
[io2.vtex.com/checkout-ui/v6.127.0/img/payment-safetypay-per-banks.png]
[io2.vtex.com/checkout-ui/v6.127.0/img/payment-safetypay-ecu-banks.png]
[io2.vtex.com/checkout-ui/v6.127.0/img/payment-safetypay-deu-banks.png]
[io2.vtex.com/checkout-ui/v6.127.0/img/payment-safetypay-esp-banks.png]
[io2.vtex.com/checkout-ui/v6.127.0/img/payment-lottery-logo-loterias.gif]
[io2.vtex.com/checkout-ui/v6.127.0/img/payment-lottery-logo-caixa.gif]
[io2.vtex.com/checkout-ui/v6.127.0/img/payment-lottery-logo-pichincha.gif]
[io2.vtex.com/checkout-ui/v6.127.0/img/payment-lottery-mex-banks.png]
[io2.vtex.com/checkout-ui/v6.127.0/img/payment-lottery-chl-banks.png]
[io2.vtex.com/checkout-ui/v6.127.0/img/payment-lottery-col-banks.png]
[io2.vtex.com/checkout-ui/v6.127.0/img/payment-lottery-prt-banks.png]
[io2.vtex.com/checkout-ui/v6.127.0/img/payment-koin-title.png]
[io2.vtex.com/checkout-ui/v6.127.0/img/payment-koin-icons.png]
[io2.vtex.com/checkout-ui/v6.127.0/img/braintree-paypal/payment-braintree-paypal-pt.png]
[io2.vtex.com/checkout-ui/v6.127.0/img/braintree-paypal/payment-braintree-paypal-en.png]
[io2.vtex.com/checkout-ui/v6.127.0/img/braintree-applepay/payment-braintree-apple-pay-en.png]
[io2.vtex.com/checkout-ui/v6.127.0/img/braintree-googlepay/payment-braintree-google-pay-pt.png]
[io2.vtex.com/checkout-ui/v6.127.0/img/braintree-googlepay/payment-braintree-google-pay-en.png]
[io2.vtex.com/checkout-ui/v6.127.0/img/payment-borica-bcard.png]
[io2.vtex.com/checkout-ui/v6.127.0/img/payment-borica-mastercard-securecode.png]
[io2.vtex.com/checkout-ui/v6.127.0/img/payment-borica-visa-verified.png]
[io2.vtex.com/checkout-ui/v6.127.0/img/payment-borica-dn-dci-protectbuy.png]
[io2.vtex.com/checkout-ui/v6.127.0/img/payment-stelo-title.png]
[io2.vtex.com/checkout-ui/v6.127.0/img/payment-redepay-title.png]
[io2.vtex.com/checkout-ui/v6.127.0/img/payment-redepay-icons.png]
[io2.vtex.com/checkout-ui/v6.127.0/img/payment-redepay-cards.png]
[io2.vtex.com/checkout-ui/v6.127.0/img/payment-todopago-title.png]
[io2.vtex.com/checkout-ui/v6.127.0/img/payment-todopago-banks.png]
[io2.vtex.com/checkout-ui/v6.127.0/img/payment-todopago-icons.png]
[io2.vtex.com/checkout-ui/v6.127.0/img/payment-mercadopago-ico-boleto.png]
[io2.vtex.com/checkout-ui/v6.127.0/img/payment-mercadopago-ico-cash.png]
[io2.vtex.com/checkout-ui/v6.127.0/img/payment-mercadopago-ico-credit-card.png]
[io2.vtex.com/checkout-ui/v6.127.0/img/payment-mercadopago-ico-debit-card.png]
[io2.vtex.com/checkout-ui/v6.127.0/img/payment-mercadopago-ico-internet.png]
[io2.vtex.com/checkout-ui/v6.127.0/img/payment-mercadopago-ico-pix.png]
[io2.vtex.com/checkout-ui/v6.127.0/img/payment-mercadopago-flags-arg.png]
[io2.vtex.com/checkout-ui/v6.127.0/img/payment-mercadopago-flags-bra.png]
[io2.vtex.com/checkout-ui/v6.127.0/img/payment-mercadopago-flags-chl.png]
[io2.vtex.com/checkout-ui/v6.127.0/img/payment-mercadopago-flags-col.png]
[io2.vtex.com/checkout-ui/v6.127.0/img/payment-mercadopago-flags-mex.png]
[io2.vtex.com/checkout-ui/v6.127.0/img/payment-mercadopago-flags-per.png]
[io2.vtex.com/checkout-ui/v6.127.0/img/payment-mercadopago-flags-ury.png]
[io2.vtex.com/checkout-ui/v6.127.0/img/payment-mercadopago-icons.png]
[io2.vtex.com/checkout-ui/v6.127.0/img/payment-paymee-brasil-banks.png]
[io2.vtex.com/checkout-ui/v6.127.0/img/payment-paymee-brasil-logo.png]
[io2.vtex.com/checkout-ui/v6.127.0/img/visa-click-to-pay/payment-click-to-pay-head.jpg]
[io2.vtex.com/checkout-ui/v6.127.0/img/payment-futpag-title.png]
[io2.vtex.com/checkout-ui/v6.127.0/img/payment-futpag-flags.png]
[io2.vtex.com/checkout-ui/v6.127.0/img/payment-livelo-logo.png]
[io2.vtex.com/checkout-ui/v6.127.0/img/payment-ibuy.png]
[io2.vtex.com/checkout-ui/v6.127.0/img/payment-pincash-title.png]
[io2.vtex.com/checkout-ui/v6.127.0/img/payment-pincash-icons.png]
[io2.vtex.com/checkout-ui/v6.127.0/img/payment-levpay-logo.png]
[io2.vtex.com/checkout-ui/v6.127.0/img/payment-levpay-flags.png]
[io2.vtex.com/checkout-ui/v6.127.0/img/payment-levpay-confirmation.png]
[io2.vtex.com/checkout-ui/v6.127.0/img/payment-pagomio-title.png]
[io2.vtex.com/checkout-ui/v6.127.0/img/payment-pagomio-banks.png]
[io2.vtex.com/checkout-ui/v6.127.0/img/payment-pagomio-icons.png]
[io2.vtex.com/checkout-ui/v6.127.0/img/payment-losango-bg.png]
[io2.vtex.com/checkout-ui/v6.127.0/img/payment-payudefia-bg.png]
[io2.vtex.com/checkout-ui/v6.127.0/img/payment-ame-bg.png]
[io2.vtex.com/checkout-ui/v6.127.0/img/payment-ame-sprites.png]
[io2.vtex.com/checkout-ui/v6.127.0/img/payment-virtuspay.png]
[io2.vtex.com/checkout-ui/v6.127.0/img/payment-boletoflex.png]
[io2.vtex.com/checkout-ui/v6.127.0/img/payment-samsungpay-title.png]
[io2.vtex.com/checkout-ui/v6.127.0/img/flex/flex-title.png]
[io2.vtex.com/checkout-ui/v6.127.0/img/flex/flex-banks.png]
[io2.vtex.com/checkout-ui/v6.127.0/img/payment-itaucrediario-01.png]
[io2.vtex.com/checkout-ui/v6.127.0/img/payment-itaucrediario-02.png]
[io2.vtex.com/checkout-ui/v6.127.0/img/payment-itaucrediario-03.png]
[io2.vtex.com/checkout-ui/v6.127.0/img/payment-provu.png]
[io2.vtex.com/checkout-ui/v6.127.0/img/payment-aplazo-desktop.png]
[io2.vtex.com/checkout-ui/v6.127.0/img/payment-aplazo-mobile.png]
[io2.vtex.com/checkout-ui/v6.127.0/img/payment-bompracredito-title.png]
[io2.vtex.com/checkout-ui/v6.127.0/img/payment-bompracredito-background.png]
[io2.vtex.com/checkout-ui/v6.127.0/img/ico-pagdividido.png]
[io2.vtex.com/checkout-ui/v6.127.0/img/payment-pagdividido-ic-bancos.png]
[io2.vtex.com/checkout-ui/v6.127.0/img/payment-pagdividido-ic-garantido.png]
[io2.vtex.com/checkout-ui/v6.127.0/img/payment-pagdividido-ic-rapido.png]
[io2.vtex.com/checkout-ui/v6.127.0/img/payment-pagdividido-ic-seguro.png]
[io2.vtex.com/checkout-ui/v6.127.0/img/payment-paylands-sprite.png]
[io2.vtex.com/checkout-ui/v6.127.0/img/payment-netpay-title.png]
[io2.vtex.com/checkout-ui/v6.127.0/img/payment-netpay-banks.png]
[io2.vtex.com/checkout-ui/v6.127.0/img/payment-netpay-icons.png]
[io2.vtex.com/checkout-ui/v6.127.0/img/pagaleve/payment-pagaleve.png]
[io2.vtex.com/checkout-ui/v6.127.0/img/pagaleve/payment-pagaleve-pix-mensal.png]
[io2.vtex.com/checkout-ui/v6.127.0/img/pagaleve/payment-pagaleve-pix-icon.png]
[io2.vtex.com/checkout-ui/v6.127.0/img/payment-smartucf-logo.png]
[io2.vtex.com/checkout-ui/v6.127.0/img/payment-parcelasim-logo.png]
[io2.vtex.com/checkout-ui/v6.127.0/img/payment-zaincash-en.png]
[io2.vtex.com/checkout-ui/v6.127.0/img/payment-zaincash-ar.png]
[io2.vtex.com/checkout-ui/v6.127.0/img/payment-pinelabs-logo.png]
[io2.vtex.com/checkout-ui/v6.127.0/img/payment-pinelabs-arrow.png]
[io2.vtex.com/checkout-ui/v6.127.0/img/payment-switch-logo.png]
[io2.vtex.com/checkout-ui/v6.127.0/img/nequi/payment-nequi-large.png]
[io2.vtex.com/checkout-ui/v6.127.0/img/nequi/payment-nequi-byactX.png]
[io2.vtex.com/checkout-ui/v6.127.0/img/nequi/payment-nequi-undostres.png]
[io2.vtex.com/checkout-ui/v6.127.0/img/payment-nequi-main-icon.png]
[io2.vtex.com/checkout-ui/v6.127.0/img/payment-corresponsales-main-icon.png]
[io2.vtex.com/checkout-ui/v6.127.0/img/paymentCredit/payment-credits-ico.png]
[io2.vtex.com/checkout-ui/v6.127.0/img/paymentCredit/payment-credits-ico-mp.png]
[io2.vtex.com/checkout-ui/v6.127.0/img/paymentCredit/payment-credits-divisor.png]
[io2.vtex.com/checkout-ui/v6.127.0/img/paymentCredit/payment-credits-icon-1.png]
[io2.vtex.com/checkout-ui/v6.127.0/img/paymentCredit/payment-credits-icon-2.png]
[io2.vtex.com/checkout-ui/v6.127.0/img/paymentCredit/payment-credits-icon-3.png]
[io2.vtex.com/checkout-ui/v6.127.0/img/paymentCredit/payment-credits-warning.png]
[io2.vtex.com/checkout-ui/v6.127.0/img/paymentCredit/payment-credits-divisor-horizontal.png]
[io2.vtex.com/checkout-ui/v6.127.0/img/banqi/payment-banqi-smartphone.png]
[io2.vtex.com/checkout-ui/v6.127.0/img/banqi/payment-banqi-docpin.png]
[io2.vtex.com/checkout-ui/v6.127.0/img/mercado-credits/payment-mercado-credits-logo-mercado-pago.png]
[io2.vtex.com/checkout-ui/v6.127.0/img/mercado-credits/payment-mercado-credits-warning.png]
[io2.vtex.com/checkout-ui/v6.127.0/img/drip/payment-drip-brand.png]
[io2.vtex.com/checkout-ui/v6.127.0/img/pix-open-finance/payment-icon-mp.png]
[io2.vtex.com/checkout-ui/v6.127.0/img/pix-open-finance/payment-icon.png]
[io2.vtex.com/checkout-ui/v6.127.0/img/pix-open-finance/payment-divider.png]
[io2.vtex.com/checkout-ui/v6.127.0/img/pix-open-finance/payment-icon-step-1.png]
[io2.vtex.com/checkout-ui/v6.127.0/img/pix-open-finance/payment-icon-step-2.png]
[io2.vtex.com/checkout-ui/v6.127.0/img/pix-open-finance/payment-icon-step-3.png]
[io2.vtex.com/checkout-ui/v6.127.0/img/pix-open-finance/payment-icon-step-4.png]
[io2.vtex.com/checkout-ui/v6.127.0/img/pix-open-finance/payment-warning.png]
[io2.vtex.com/checkout-ui/v6.127.0/img/pix-open-finance/payment-horizontal-divider.png]
[io2.vtex.com/checkout-ui/v6.127.0/img/payment-dimo-bg-desktop.png]
[io2.vtex.com/checkout-ui/v6.127.0/img/payment-dimo-icon.png]
[io2.vtex.com/checkout-ui/v6.127.0/img/payment-dimo-logo.png]
[io2.vtex.com/checkout-ui/v6.127.0/img/payment-dimo-smartphon.png]
[io2.vtex.com/checkout-ui/v6.127.0/img/gingapay/gingapay-payment-square.jpg]
[io2.vtex.com/checkout-ui/v6.127.0/img/gingapay/gingapay-payment-vert.jpg]
[io2.vtex.com/checkout-ui/v6.127.0/img/payment-worldline-horizontal.png]
[io2.vtex.com/checkout-ui/v6.127.0/img/99pay/payment-99pay-web-background.png]
[io2.vtex.com/checkout-ui/v6.127.0/img/99pay/payment-99pay-balance-mobile.png]
[io2.vtex.com/checkout-ui/v6.127.0/img/99pay/payment-99pay-credit-debit.png]
[io2.vtex.com/checkout-ui/v6.127.0/img/99pay/payment-99pay-visa.png]
[io2.vtex.com/checkout-ui/v6.127.0/img/99pay/payment-99pay-master.png]
[io2.vtex.com/checkout-ui/v6.127.0/img/99pay/payment-99pay-amex.png]
[io2.vtex.com/checkout-ui/v6.127.0/img/99pay/payment-99pay-mobile-background.png]
[io2.vtex.com/checkout-ui/v6.127.0/img/servicredito/payment-icon-2.png]
[io2.vtex.com/checkout-ui/v6.127.0/img/servicredito/payment-icon-1.png]
[io2.vtex.com/checkout-ui/v6.127.0/img/servicredito/payment-icon-3.png]
[io2.vtex.com/checkout-ui/v6.127.0/img/servicredito/payment-logos-red-recaudo.png]
[io2.vtex.com/checkout-ui/v6.127.0/img/yuno-card/payment-card-sprite.png]
[io2.vtex.com/checkout-ui/v6.127.0/img/yuno-bank-transfer/transfer-sprite.png]
[io2.vtex.com/checkout-ui/v6.127.0/img/yuno-buy-now-pay-later/sprite.png]
[io2.vtex.com/checkout-ui/v6.127.0/img/yuno-wallet/sprite.png]
[io2.vtex.com/checkout-ui/v6.127.0/img/yuno-payment-link/sprite.png]
[io2.vtex.com/checkout-ui/v6.127.0/img/yuno-ticket/sprite.png]
[io2.vtex.com/checkout-ui/v6.127.0/img/modo/partner-1.png]
[io2.vtex.com/checkout-ui/v6.127.0/img/modo/partner-2.png]
[io2.vtex.com/checkout-ui/v6.127.0/img/modo/partner-3.png]
[io2.vtex.com/checkout-ui/v6.127.0/img/modo/partner-4.png]
[io2.vtex.com/checkout-ui/v6.127.0/img/modo/partner-5.png]
[io2.vtex.com/checkout-ui/v6.127.0/img/modo/partner-6.png]
[io2.vtex.com/checkout-ui/v6.127.0/img/modo/partner-7.png]
[io2.vtex.com/checkout-ui/v6.127.0/img/modo/partner-8.png]
[io2.vtex.com/checkout-ui/v6.127.0/img/modo/partner-9.png]
[io2.vtex.com/checkout-ui/v6.127.0/img/modo/partner-10.png]
[io2.vtex.com/checkout-ui/v6.127.0/img/modo/partner-11.png]
[io2.vtex.com/checkout-ui/v6.127.0/img/modo/partner-12.png]
[io2.vtex.com/checkout-ui/v6.127.0/img/modo/partner-13.png]
[io2.vtex.com/checkout-ui/v6.127.0/img/modo/partner-14.png]
[io2.vtex.com/checkout-ui/v6.127.0/img/modo/partner-15.png]
[io2.vtex.com/checkout-ui/v6.127.0/img/modo/partner-16.png]
[io2.vtex.com/checkout-ui/v6.127.0/img/modo/partner-17.png]
[io2.vtex.com/checkout-ui/v6.127.0/img/modo/partner-18.png]
[io2.vtex.com/checkout-ui/v6.127.0/img/modo/partner-19.png]
[io2.vtex.com/checkout-ui/v6.127.0/img/modo/partner-20.png]
[io2.vtex.com/checkout-ui/v6.127.0/img/modo/partner-21.png]
[io2.vtex.com/checkout-ui/v6.127.0/img/modo/partner-22.png]
[io2.vtex.com/checkout-ui/v6.127.0/img/modo/partner-23.png]
[io2.vtex.com/checkout-ui/v6.127.0/img/modo/partner-24.png]
[io2.vtex.com/checkout-ui/v6.127.0/img/modo/partner-25.png]
[io2.vtex.com/checkout-ui/v6.127.0/img/modo/partner-26.png]
[io2.vtex.com/checkout-ui/v6.127.0/img/modo/partner-27.png]
[io2.vtex.com/checkout-ui/v6.127.0/img/modo/partner-28.png]
[io2.vtex.com/checkout-ui/v6.127.0/img/modo/card-1.png]
[io2.vtex.com/checkout-ui/v6.127.0/img/modo/card-2.png]
[io2.vtex.com/checkout-ui/v6.127.0/img/modo/card-3.png]
[io2.vtex.com/checkout-ui/v6.127.0/img/modo/card-4.png]
[io2.vtex.com/checkout-ui/v6.127.0/img/modo/card-5.png]
[io2.vtex.com/checkout-ui/v6.127.0/img/modo/card-6.png]
[io2.vtex.com/checkout-ui/v6.127.0/img/modo/card-7.png]
[io2.vtex.com/checkout-ui/v6.127.0/img/didipay/didipay-web-background.png]
[io2.vtex.com/checkout-ui/v6.127.0/img/didipay/didipay-card-web.png]
[io2.vtex.com/checkout-ui/v6.127.0/img/didipay/didipay-visa.png]
[io2.vtex.com/checkout-ui/v6.127.0/img/didipay/didipay-master.png]
[io2.vtex.com/checkout-ui/v6.127.0/img/didipay/didipay-carnet.png]
[io2.vtex.com/checkout-ui/v6.127.0/img/didipay/didipay-mobile-background.png]
[io2.vtex.com/checkout-ui/v6.127.0/img/kushki/kushki-transfer.png]
[io2.vtex.com/checkout-ui/v6.127.0/img/kushki/kushki-cash.png]
[io2.vtex.com/checkout-ui/v6.127.0/img/kushki/kushki-card.png]
[io2.vtex.com/checkout-ui/v6.127.0/img/clip/payment-clip.png]
[io2.vtex.com/checkout-ui/v6.127.0/img/plata-difiere/plata-icon-clock.png]
[io2.vtex.com/checkout-ui/v6.127.0/img/plata-difiere/plata-icon-calendar.png]
[io2.vtex.com/checkout-ui/v6.127.0/img/plata-difiere/plata-icon-love.png]
[io2.vtex.com/checkout-ui/v6.127.0/img/pago-efectivo/payment-pago-efectivo-370px.png]
[io2.vtex.com/checkout-ui/v6.127.0/img/pago-efectivo/payment-pago-efectivo-270px.png]
[io2.vtex.com/checkout-ui/v6.127.0/img/cuotealo/payment-cuotealo-370px.png]
[io2.vtex.com/checkout-ui/v6.127.0/img/directo/payment-directo-title.png]
[io2.vtex.com/checkout-ui/v6.127.0/img/directo/payment-directo-resume.png]
[io2.vtex.com/checkout-ui/v6.127.0/img/yape/payment-logo.png]
[io2.vtex.com/checkout-ui/v6.127.0/style/style.css]
[wella.vteximg.com.br/arquivos/checkout-custom7abd.css]
[loja.wella.com.br/files/checkout6-custom5ffd.css]
[io2.vtex.com/checkout-ui/v6.127.0/img/ico-pagomio.png]
[io2.vtex.com/checkout-ui/v6.127.0/img/servicredito/payment-payment-safetypay-banks.png]
