[loja.wella.com.br/kit-ultimate-luxe-oil-litro-shampoo-mascara-oleo-kit-141/p.html]
[cdnjs.cloudflare.com/polyfill/v3/polyfill.js]
[backblue.gif]
[fade.gif]
[index.html]
[loja.wella.com.br/files/tagmanager-customize-head-top.min74c0.js]
[wella.vteximg.com.br/arquivos/apple-icon-57x5742bd.png]
[wella.vteximg.com.br/arquivos/apple-icon-60x6061cd.png]
[wella.vteximg.com.br/arquivos/apple-icon-72x72a0df.png]
[wella.vteximg.com.br/arquivos/apple-icon-76x760d70.png]
[wella.vteximg.com.br/arquivos/apple-icon-114x114932a.png]
[wella.vteximg.com.br/arquivos/apple-icon-120x1209d99.png]
[wella.vteximg.com.br/arquivos/apple-icon-144x144103b.png]
[wella.vteximg.com.br/arquivos/apple-icon-152x1527096.png]
[wella.vteximg.com.br/arquivos/apple-icon-180x1801a3d.png]
[wella.vteximg.com.br/arquivos/android-icon-192x192dbbe.png]
[wella.vteximg.com.br/arquivos/favicon-32x32f4bf.png]
[wella.vteximg.com.br/arquivos/favicon-96x9669fa.png]
[wella.vteximg.com.br/arquivos/favicon-16x16ead6.png]
[io.vtex.com.br/front-libs/jquery/1.8.3/jquery-1.8.3.min4198.js]
[wella.vteximg.com.br/scripts/swfobject4198.js]
[wella.vteximg.com.br/scripts/vtex.common4198.js]
[vtex.vtexassets.com/_v/public/assets/v1/npm/@vtex/render-extension-loader@0.1.6/lib/render-extension-loader4198.js]
[io.vtex.com.br/rc/rc4198.js]
[activity-flow.vtex.com/af/af4198.js]
[wella.vteximg.com.br/scripts/vtex.tagmanager.helper4198.js]
[io.vtex.com.br/portal-ui/v1.21.0/scripts/vtex-events-all.min4198.js]
[io.vtex.com.br/portal-ui/v1.21.0/scripts/vtex-analytics4198.js]
[io.vtex.com.br/front-libs/front-i18n/0.7.2/vtex-i18n.min4198.js]
[io.vtex.com.br/front-libs/front-utils/3.0.8/underscore-extensions4198.js]
[wella.vteximg.com.br/scripts/currency-format.min4198.js]
[io.vtex.com.br/front-libs/dustjs-linkedin/2.3.5/dust-core-2.3.5.min4198.js]
[io.vtex.com.br/portal-plugins/2.9.13/js/catalog-sdk.min4198.js]
[io.vtex.com.br/vtex.js/v2.13.1/vtex.min4198.js]
[wella.vteximg.com.br/scripts/jquery.jqzoom-core4198.js]
[io.vtex.com.br/portal-plugins/2.9.13/js/portal-sku-selector-with-template.min4198.js]
[io.vtex.com.br/portal-plugins/2.9.13/js/portal-price-with-template2.min4198.js]
[io.vtex.com.br/portal-plugins/2.9.13/js/portal-buy-button.min4198.js]
[io.vtex.com.br/portal-plugins/2.9.13/js/portal-notify-me-with-template.min4198.js]
[io.vtex.com.br/portal-plugins/2.9.13/js/portal-template-as-modal.min4198.js]
[wella.vteximg.com.br/scripts/vtex.cookie4198.js]
[wella.vteximg.com.br/scripts/jquery.pager4198.js]
[cdn-prod.securiti.ai/consent/cookie-consent.css]
[wella.vteximg.com.br/arquivos/product5795.css]
[wella.vteximg.com.br/arquivos/textoseoAjuste-liveSEO360c.css]
[loja.wella.com.br/files/tagmanager-customize-head-bottom.min74c0.js]
[wella.vteximg.com.br/arquivos/global.complement6a2b.css]
[wella.vteximg.com.br/arquivos/ids/165697-1000-1000/KIT141_1aacf.png]
[wella.vteximg.com.br/arquivos/ids/165697-690-690/KIT141_1aacf.png]
[wella.vteximg.com.br/arquivos/ids/166432-360-360/KIT19_1a2a3.png]
[wella.vteximg.com.br/arquivos/ids/166725-360-360/4064666210131_1.jpgff44.jpg]
[wella.vteximg.com.br/arquivos/ids/160486-360-360/4064666102399cce7.png]
[wella.vteximg.com.br/arquivos/ids/164118-360-360/4064665104783_18558.jpg]
[wella.vteximg.com.br/arquivos/ids/166553-360-360/4064666337111_185da.jpg]
[wella.vteximg.com.br/arquivos/ids/165768-360-360/8005610587509_1368b.jpg]
[wella.vteximg.com.br/arquivos/ids/163418-360-360/4064665105223_143a7.png]
[wella.vteximg.com.br/arquivos/ids/161579-360-360/4064665125726_11db1.jpg]
[wella.vteximg.com.br/arquivos/ico-visa-v2c1b3.png]
[wella.vteximg.com.br/arquivos/ico-master-v27a78.png]
[wella.vteximg.com.br/arquivos/ico-american-v212b8.png]
[wella.vteximg.com.br/arquivos/ico-elo-v2b230.png]
[wella.vteximg.com.br/arquivos/ico-diners-v2eb84.png]
[wella.vteximg.com.br/arquivos/ico-hiper-v2416b.png]
[wella.vteximg.com.br/arquivos/ico-pix-v2e5da.png]
[wella.vteximg.com.br/arquivos/Infracommerce_RGB_Logotipo_Vertical_Negativo1df8.png]
[wella.vteximg.com.br/arquivos/lazyloadaa16.js]
[wella.vteximg.com.br/arquivos/bootstrap739a.js]
[vtexid.vtex.com.br/api/vtexid/pub/authentication/vtexid.min.js]
[wella.vteximg.com.br/arquivos/global.helpersa9dc.js]
[wella.vteximg.com.br/arquivos/globalb72f.js]
[cdn.userway.org/widget.js]
[wella.vteximg.com.br/arquivos/lgpd3c28.js]
[storage.googleapis.com/push-webchat/wwc-latest.js]
[weni-sp-integrations-production.s3.amazonaws.com/apptypes/wwc/a4fa0d79-7da9-4782-9759-90c3eaa81900/script.js]
[wella.vteximg.com.br/arquivos/producted6b.js]
[wella.vteximg.com.br/arquivos/fix-product-description1a68.js]
[content.syndigo.com/site/039389a0-1515-3d41-d5cb-ac17bf64c923/taga90c.js]
[wella.vteximg.com.br/arquivos/fix-merchant-listener52f9.js]
[wella.vteximg.com.br/scripts/track4198.js]
[wella.vteximg.com.br/scripts/thickbox4198.js]
[wella.vteximg.com.br/scripts/json24198.js]
[wella.vteximg.com.br/scripts/vtex.viewpart.callcenterdisclaimer4198.js]
[wella.vteximg.com.br/scripts/vtex.jsevents4198.js]
[wella.vteximg.com.br/scripts/vtex.skuevents4198.js]
[wella.vteximg.com.br/scripts/vtex.skuevents.skudatafetcher4198.js]
[wella.vteximg.com.br/scripts/vtex.viewpart.imagecontrol34198.js]
[wella.vteximg.com.br/scripts/intersect4198.js]
[wella.vteximg.com.br/scripts/vtex.commerce.batchbuy4198.js]
[wella.vteximg.com.br/scripts/jquery.livequery.min4198.js]
[wella.vteximg.com.br/scripts/prettyphoto/js/jquery.prettyphoto4198.js]
[wella.vteximg.com.br/scripts/prettyphoto/js/lean-prettyphoto4198.js]
[wella.vteximg.com.br/scripts/vtex.commerce.compare4198.js]
[loja.wella.com.br/kit-ultimate-luxe-oil-litro-shampoo-mascara-oleo-kit-141/p.html]
[wella.vteximg.com.br/scripts/swfobject4198.js]
[wella.vteximg.com.br/scripts/vtex.ajax.wait4198.js]
[wella.vteximg.com.br/scripts/vtex.common4198.js]
[wella.vteximg.com.br/scripts/jquery.jqzoom-core4198.js]
[wella.vteximg.com.br/scripts/vtex.cookie4198.js]
[wella.vteximg.com.br/scripts/jquery.pager4198.js]
[cdn-prod.securiti.ai/consent/cookie-consent.css]
[wella.vteximg.com.br/scripts/mobile/vtex.make.mobile.pager4198.js]
[wella.vteximg.com.br/arquivos/default-skinb351.png]
[wella.vteximg.com.br/arquivos/default-skin18f8.svg]
[wella.vteximg.com.br/arquivos/preloader19f1.gif]
[wella.vteximg.com.br/arquivos/presentation-text-icons-1-1e1c6.png]
[wella.vteximg.com.br/arquivos/presentation-text-icons-1-1-active416a.png]
[wella.vteximg.com.br/arquivos/presentation-text-icons-2-112fe.png]
[wella.vteximg.com.br/arquivos/presentation-text-icons-2-1-active625e.png]
[wella.vteximg.com.br/arquivos/presentation-text-icons-3-1bb59.png]
[wella.vteximg.com.br/arquivos/presentation-text-icons-3-1-active61e8.png]
[wella.vteximg.com.br/arquivos/presentation-text-icons-4-13b96.png]
[wella.vteximg.com.br/arquivos/presentation-text-icons-4-1-active4b40.png]
[wella.vteximg.com.br/arquivos/presentation-text-icons-5-1346b.png]
[wella.vteximg.com.br/arquivos/presentation-text-icons-5-1-active0198.png]
[wella.vteximg.com.br/arquivos/vegan1250d.png]
[wella.vteximg.com.br/arquivos/cruelty-free162c9.png]
[wella.vteximg.com.br/arquivos/button-play41f6.png]
[wella.vteximg.com.br/arquivos/product5795.css]
[wella.vteximg.com.br/arquivos/textoseoAjuste-liveSEO360c.css]
[www.googletagmanager.com/gtm5445.html]
[wella.vteximg.com.br/arquivos/instagramf392.svg]
[wella.vteximg.com.br/arquivos/global.complement6a2b.css]
[service.yourviews.com.br/script/d844c241-4868-402d-99d9-c628c5ff4b10/yvapi.html]
[wella.vteximg.com.br/scripts/json24198.js]
[wella.vteximg.com.br/scripts/vtex.viewpart.callcenterdisclaimer4198.js]
[wella.vteximg.com.br/scripts/vtex.viewpart.ajaxloader_v24198.js]
[wella.vteximg.com.br/scripts/vtex.jsevents4198.js]
[wella.vteximg.com.br/scripts/vtex.skuevents4198.js]
[wella.vteximg.com.br/scripts/vtex.skuevents.skudatafetcher4198.js]
[wella.vteximg.com.br/scripts/vtex.viewpart.imagecontrol34198.js]
[wella.vteximg.com.br/scripts/intersect4198.js]
[wella.vteximg.com.br/scripts/jquery.livequery.min4198.js]
[wella.vteximg.com.br/scripts/prettyphoto/js/jquery.prettyphoto4198.js]
[wella.vteximg.com.br/scripts/prettyphoto/js/lean-prettyphoto4198.js]
[wella.vteximg.com.br/scripts/vtex.commerce.compare4198.js]
[wella.vteximg.com.br/scripts/mobile/vtex.make.mobile.pager4198.js]
[wella.vteximg.com.br/arquivos/default-skin18f8.svg]
[wella.vteximg.com.br/arquivos/shelf-arrow-rightfebd.svg]
[wella.vteximg.com.br/arquivos/map-pinfbdf.svg]
[wella.vteximg.com.br/arquivos/pin-iconddf8.svg]
[wella.vteximg.com.br/arquivos/favorite-productc7fb.svg]
[wella.vteximg.com.br/arquivos/favorite-product-filledb876.svg]
[wella.vteximg.com.br/arquivos/fav-pdp-red29fc.svg]
[wella.vteximg.com.br/arquivos/shared58b2.svg]
[wella.vteximg.com.br/arquivos/select-arrow-black4cb4.svg]
[wella.vteximg.com.br/arquivos/facebook2784.svg]
[wella.vteximg.com.br/arquivos/youtubefff4.svg]
[wella.vteximg.com.br/arquivos/instagramf392.svg]
[wella.vteximg.com.br/arquivos/cart-close627a.svg]
